#===============================================================================
# Copyright 2006-2020 Intel Corporation.
#
# This software and the related documents are Intel copyrighted  materials,  and
# your !USE of  them is  governed by the  express license  under which  they were
# provided to you (License).  Unless the License provides otherwise, you may not
# !USE, modify, copy, publish, distribute,  disclose or transmit this software or
# the related documents without Intel's prior written permission.
#
# This software and the related documents  are provided as  is,  with no express
# or implied  warranties,  other  than those  that are  expressly stated  in the
# License.
#===============================================================================

src_blas95 = \
caxpby.F90 \
caxpy.F90 \
caxpyi.F90 \
ccopy.F90 \
cdotc.F90 \
cdotci.F90 \
cdotu.F90 \
cdotui.F90 \
cgbmv.F90 \
cgem2vc.F90 \
cgemm.F90 \
cgemm_batch.F90 \
cgemm3m.F90 \
cgemm3m_batch.F90 \
cgemmt.F90 \
cgemv.F90 \
cgerc.F90 \
cgeru.F90 \
cgthr.F90 \
cgthrz.F90 \
chbmv.F90 \
chemm.F90 \
chemv.F90 \
cher.F90 \
cher2.F90 \
cher2k.F90 \
cherk.F90 \
chpmv.F90 \
chpr.F90 \
chpr2.F90 \
crotg.F90 \
cscal.F90 \
csctr.F90 \
csrot.F90 \
csscal.F90 \
cswap.F90 \
csymm.F90 \
csyr2k.F90 \
csyrk.F90 \
ctbmv.F90 \
ctbsv.F90 \
ctpmv.F90 \
ctpsv.F90 \
ctrmm.F90 \
ctrmv.F90 \
ctrsm.F90 \
ctrsm_batch.F90 \
ctrsv.F90 \
dasum.F90 \
daxpby.F90 \
daxpy.F90 \
daxpyi.F90 \
dcabs1.F90 \
dcopy.F90 \
ddot.F90 \
ddoti.F90 \
dgbmv.F90 \
dgem2vu.F90 \
dgemm.F90 \
dgemm_batch.F90 \
dgemmt.F90 \
dgemv.F90 \
dger.F90 \
dgthr.F90 \
dgthrz.F90 \
dnrm2.F90 \
drot.F90 \
droti.F90 \
drotm.F90 \
drotmg.F90 \
drotg.F90 \
dsbmv.F90 \
dscal.F90 \
dsctr.F90 \
dsdot.F90 \
dspmv.F90 \
dspr.F90 \
dspr2.F90 \
dswap.F90 \
dsymm.F90 \
dsymv.F90 \
dsyr.F90 \
dsyr2.F90 \
dsyr2k.F90 \
dsyrk.F90 \
dtbmv.F90 \
dtbsv.F90 \
dtpmv.F90 \
dtpsv.F90 \
dtrmm.F90 \
dtrmv.F90 \
dtrsm.F90 \
dtrsm_batch.F90 \
dtrsv.F90 \
dzasum.F90 \
dzgemm.F90 \
dzgemv.F90 \
dznrm2.F90 \
icamax.F90 \
icamin.F90 \
idamax.F90 \
idamin.F90 \
isamax.F90 \
isamin.F90 \
izamax.F90 \
izamin.F90 \
sasum.F90 \
saxpby.F90 \
saxpy.F90 \
saxpyi.F90 \
scasum.F90 \
scgemm.F90 \
scgemv.F90 \
scnrm2.F90 \
scopy.F90 \
scabs1.F90 \
sdot.F90 \
sdoti.F90 \
sdsdot.F90 \
sgbmv.F90 \
sgem2vu.F90 \
sgemm.F90 \
sgemm_batch.F90 \
sgemmt.F90 \
sgemv.F90 \
sger.F90 \
sgthr.F90 \
sgthrz.F90 \
snrm2.F90 \
srot.F90 \
sroti.F90 \
srotm.F90 \
srotmg.F90 \
srotg.F90 \
ssbmv.F90 \
sscal.F90 \
ssctr.F90 \
sspmv.F90 \
sspr.F90 \
sspr2.F90 \
sswap.F90 \
ssymm.F90 \
ssymv.F90 \
ssyr.F90 \
ssyr2.F90 \
ssyr2k.F90 \
ssyrk.F90 \
stbmv.F90 \
stbsv.F90 \
stpmv.F90 \
stpsv.F90 \
strmm.F90 \
strmv.F90 \
strsm.F90 \
strsm_batch.F90 \
strsv.F90 \
zaxpby.F90 \
zaxpy.F90 \
zaxpyi.F90 \
zcopy.F90 \
zdotc.F90 \
zdotci.F90 \
zdotu.F90 \
zdotui.F90 \
zdrot.F90 \
zdscal.F90 \
zgbmv.F90 \
zgem2vc.F90 \
zgemm.F90 \
zgemm_batch.F90 \
zgemm3m.F90 \
zgemm3m_batch.F90 \
zgemmt.F90 \
zgemv.F90 \
zgerc.F90 \
zgeru.F90 \
zgthr.F90 \
zgthrz.F90 \
zhbmv.F90 \
zhemm.F90 \
zhemv.F90 \
zher.F90 \
zher2.F90 \
zher2k.F90 \
zherk.F90 \
zhpmv.F90 \
zhpr.F90 \
zhpr2.F90 \
zrotg.F90 \
zscal.F90 \
zsctr.F90 \
zswap.F90 \
zsymm.F90 \
zsyr2k.F90 \
zsyrk.F90 \
ztbmv.F90 \
ztbsv.F90 \
ztpmv.F90 \
ztpsv.F90 \
ztrmm.F90 \
ztrmv.F90 \
ztrsm.F90 \
ztrsm_batch.F90 \
ztrsv.F90 \