#===============================================================================
# Copyright 2006-2020 Intel Corporation.
#
# This software and the related documents are Intel copyrighted  materials,  and
# your !USE of  them is  governed by the  express license  under which  they were
# provided to you (License).  Unless the License provides otherwise, you may not
# !USE, modify, copy, publish, distribute,  disclose or transmit this software or
# the related documents without Intel's prior written permission.
#
# This software and the related documents  are provided as  is,  with no express
# or implied  warranties,  other  than those  that are  expressly stated  in the
# License.
#===============================================================================

src_blas95 = \
caxpby.f90 \
caxpy.f90 \
caxpyi.f90 \
ccopy.f90 \
cdotc.f90 \
cdotci.f90 \
cdotu.f90 \
cdotui.f90 \
cgbmv.f90 \
cgem2vc.f90 \
cgemm.f90 \
cgemm_batch.f90 \
cgemm3m.f90 \
cgemm3m_batch.f90 \
cgemmt.f90 \
cgemv.f90 \
cgerc.f90 \
cgeru.f90 \
cgthr.f90 \
cgthrz.f90 \
chbmv.f90 \
chemm.f90 \
chemv.f90 \
cher.f90 \
cher2.f90 \
cher2k.f90 \
cherk.f90 \
chpmv.f90 \
chpr.f90 \
chpr2.f90 \
crotg.f90 \
cscal.f90 \
csctr.f90 \
csrot.f90 \
csscal.f90 \
cswap.f90 \
csymm.f90 \
csyr2k.f90 \
csyrk.f90 \
ctbmv.f90 \
ctbsv.f90 \
ctpmv.f90 \
ctpsv.f90 \
ctrmm.f90 \
ctrmv.f90 \
ctrsm.f90 \
ctrsm_batch.f90 \
ctrsv.f90 \
dasum.f90 \
daxpby.f90 \
daxpy.f90 \
daxpyi.f90 \
dcabs1.f90 \
dcopy.f90 \
ddot.f90 \
ddoti.f90 \
dgbmv.f90 \
dgem2vu.f90 \
dgemm.f90 \
dgemm_batch.f90 \
dgemmt.f90 \
dgemv.f90 \
dger.f90 \
dgthr.f90 \
dgthrz.f90 \
dnrm2.f90 \
drot.f90 \
droti.f90 \
drotm.f90 \
drotmg.f90 \
drotg.f90 \
dsbmv.f90 \
dscal.f90 \
dsctr.f90 \
dsdot.f90 \
dspmv.f90 \
dspr.f90 \
dspr2.f90 \
dswap.f90 \
dsymm.f90 \
dsymv.f90 \
dsyr.f90 \
dsyr2.f90 \
dsyr2k.f90 \
dsyrk.f90 \
dtbmv.f90 \
dtbsv.f90 \
dtpmv.f90 \
dtpsv.f90 \
dtrmm.f90 \
dtrmv.f90 \
dtrsm.f90 \
dtrsm_batch.f90 \
dtrsv.f90 \
dzasum.f90 \
dzgemm.f90 \
dzgemv.f90 \
dznrm2.f90 \
icamax.f90 \
icamin.f90 \
idamax.f90 \
idamin.f90 \
isamax.f90 \
isamin.f90 \
izamax.f90 \
izamin.f90 \
sasum.f90 \
saxpby.f90 \
saxpy.f90 \
saxpyi.f90 \
scasum.f90 \
scgemm.f90 \
scgemv.f90 \
scnrm2.f90 \
scopy.f90 \
scabs1.f90 \
sdot.f90 \
sdoti.f90 \
sdsdot.f90 \
sgbmv.f90 \
sgem2vu.f90 \
sgemm.f90 \
sgemm_batch.f90 \
sgemmt.f90 \
sgemv.f90 \
sger.f90 \
sgthr.f90 \
sgthrz.f90 \
snrm2.f90 \
srot.f90 \
sroti.f90 \
srotm.f90 \
srotmg.f90 \
srotg.f90 \
ssbmv.f90 \
sscal.f90 \
ssctr.f90 \
sspmv.f90 \
sspr.f90 \
sspr2.f90 \
sswap.f90 \
ssymm.f90 \
ssymv.f90 \
ssyr.f90 \
ssyr2.f90 \
ssyr2k.f90 \
ssyrk.f90 \
stbmv.f90 \
stbsv.f90 \
stpmv.f90 \
stpsv.f90 \
strmm.f90 \
strmv.f90 \
strsm.f90 \
strsm_batch.f90 \
strsv.f90 \
zaxpby.f90 \
zaxpy.f90 \
zaxpyi.f90 \
zcopy.f90 \
zdotc.f90 \
zdotci.f90 \
zdotu.f90 \
zdotui.f90 \
zdrot.f90 \
zdscal.f90 \
zgbmv.f90 \
zgem2vc.f90 \
zgemm.f90 \
zgemm_batch.f90 \
zgemm3m.f90 \
zgemm3m_batch.f90 \
zgemmt.f90 \
zgemv.f90 \
zgerc.f90 \
zgeru.f90 \
zgthr.f90 \
zgthrz.f90 \
zhbmv.f90 \
zhemm.f90 \
zhemv.f90 \
zher.f90 \
zher2.f90 \
zher2k.f90 \
zherk.f90 \
zhpmv.f90 \
zhpr.f90 \
zhpr2.f90 \
zrotg.f90 \
zscal.f90 \
zsctr.f90 \
zswap.f90 \
zsymm.f90 \
zsyr2k.f90 \
zsyrk.f90 \
ztbmv.f90 \
ztbsv.f90 \
ztpmv.f90 \
ztpsv.f90 \
ztrmm.f90 \
ztrmv.f90 \
ztrsm.f90 \
ztrsm_batch.f90 \
ztrsv.f90 \